{"common":{"follow":{"value":false,"diff_status":"added"},"setting1":{"value":"Value 1","diff_status":"equal"},"setting2":{"value":200,"diff_status":"deleted"},"setting3":{"value":true,"value2":null,"diff_status":"changed"},"setting4":{"value":"blah blah","diff_status":"added"},"setting5":{"value":{"key5":"value5"},"diff_status":"added"},"setting6":{"doge":{"wow":{"value":"","value2":"so much","diff_status":"changed"}},"key":{"value":"value","diff_status":"equal"},"ops":{"value":"vops","diff_status":"added"}}},"group1":{"baz":{"value":"bas","value2":"bars","diff_status":"changed"},"foo":{"value":"bar","diff_status":"equal"},"nest":{"value":{"key":"value"},"value2":"str","diff_status":"changed"}},"group2":{"value":{"abc":12345,"deep":{"id":45}},"diff_status":"deleted"},"group3":{"value":{"deep":{"id":{"number":45}},"fee":100500},"diff_status":"added"}}